// Jest Snapshot v1, https://goo.gl/fbAQLP

exports[`Render App Render ArtistQuestionScreen 1`] = `
<section
  className="welcome"
>
  <div
    className="welcome__logo"
  >
    <img
      alt="Угадай мелодию"
      height="83"
      src="img/melody-logo.png"
      width="186"
    />
  </div>
  <button
    className="welcome__button"
    onClick={[Function]}
  >
    <span
      className="visually-hidden"
    >
      Начать игру
    </span>
  </button>
  <h2
    className="welcome__rules-title"
  >
    Правила игры
  </h2>
  <p
    className="welcome__text"
  >
    Правила просты:
  </p>
  <ul
    className="welcome__rules-list"
  >
    <li>
      Нужно ответить на все вопросы.
    </li>
    <li>
      Можно допустить 
      3
       ошибки.
    </li>
  </ul>
  <p
    className="welcome__text"
  >
    Удачи!
  </p>
</section>
`;

exports[`Render App Render GenreQuestionScreen 1`] = `
<section
  className="game game--genre"
>
  <header
    className="game__header"
  >
    <a
      className="game__back"
      href="#"
    >
      <span
        className="visually-hidden"
      >
        Сыграть ещё раз
      </span>
      <img
        alt="Угадай мелодию"
        className="game__logo"
        src="img/melody-logo-ginger.png"
      />
    </a>
    <svg
      className="timer"
      viewBox="0 0 780 780"
      xmlns="http://www.w3.org/2000/svg"
    >
      <circle
        className="timer__line"
        cx="390"
        cy="390"
        r="370"
        style={
          Object {
            "filter": "url(#blur)",
            "transform": "rotate(-90deg) scaleY(-1)",
            "transformOrigin": "center",
          }
        }
      />
    </svg>
    <div
      className="game__mistakes"
    >
      <div
        className="wrong"
      />
    </div>
  </header>
  <section
    className="game__screen"
  >
    <h2
      className="game__title"
    >
      Выберите 
      rock
       треки
    </h2>
    <form
      className="game__tracks"
      onSubmit={[Function]}
    >
      <div
        className="track"
      >
        <button
          className="track__button track__button--play"
          disabled={true}
          onClick={[Function]}
          type="button"
        />
        <div
          className="track__status"
        >
          <audio />
        </div>
        <div
          className="game__answer"
        >
          <input
            checked={false}
            className="game__input visually-hidden"
            id="answer-1212"
            name="answer"
            onChange={[Function]}
            type="checkbox"
            value="answer-1212"
          />
          <label
            className="game__check"
            htmlFor="answer-1212"
          >
            Отметить
          </label>
        </div>
      </div>
      <div
        className="track"
      >
        <button
          className="track__button track__button--play"
          disabled={true}
          onClick={[Function]}
          type="button"
        />
        <div
          className="track__status"
        >
          <audio />
        </div>
        <div
          className="game__answer"
        >
          <input
            checked={false}
            className="game__input visually-hidden"
            id="answer-89"
            name="answer"
            onChange={[Function]}
            type="checkbox"
            value="answer-89"
          />
          <label
            className="game__check"
            htmlFor="answer-89"
          >
            Отметить
          </label>
        </div>
      </div>
      <div
        className="track"
      >
        <button
          className="track__button track__button--play"
          disabled={true}
          onClick={[Function]}
          type="button"
        />
        <div
          className="track__status"
        >
          <audio />
        </div>
        <div
          className="game__answer"
        >
          <input
            checked={false}
            className="game__input visually-hidden"
            id="answer-343434"
            name="answer"
            onChange={[Function]}
            type="checkbox"
            value="answer-343434"
          />
          <label
            className="game__check"
            htmlFor="answer-343434"
          >
            Отметить
          </label>
        </div>
      </div>
      <div
        className="track"
      >
        <button
          className="track__button track__button--play"
          disabled={true}
          onClick={[Function]}
          type="button"
        />
        <div
          className="track__status"
        >
          <audio />
        </div>
        <div
          className="game__answer"
        >
          <input
            checked={false}
            className="game__input visually-hidden"
            id="answer-1212"
            name="answer"
            onChange={[Function]}
            type="checkbox"
            value="answer-1212"
          />
          <label
            className="game__check"
            htmlFor="answer-1212"
          >
            Отметить
          </label>
        </div>
      </div>
      <button
        className="game__submit button"
        type="submit"
      >
        Ответить
      </button>
    </form>
  </section>
</section>
`;

exports[`Render App Render WelcomeScreen 1`] = `
<section
  className="welcome"
>
  <div
    className="welcome__logo"
  >
    <img
      alt="Угадай мелодию"
      height="83"
      src="img/melody-logo.png"
      width="186"
    />
  </div>
  <button
    className="welcome__button"
    onClick={[Function]}
  >
    <span
      className="visually-hidden"
    >
      Начать игру
    </span>
  </button>
  <h2
    className="welcome__rules-title"
  >
    Правила игры
  </h2>
  <p
    className="welcome__text"
  >
    Правила просты:
  </p>
  <ul
    className="welcome__rules-list"
  >
    <li>
      Нужно ответить на все вопросы.
    </li>
    <li>
      Можно допустить 
      3
       ошибки.
    </li>
  </ul>
  <p
    className="welcome__text"
  >
    Удачи!
  </p>
</section>
`;
